
 суммарному критерию; 120
скорость, суммарный  критерий; 120
скорость, полушарный критерий; 100
РГМ /30 - 160/ ;   10
разность ошибок (П-Л)/1-я незасчитанная - максимум (% кол-во)/; 0; 3
разность КНС    (Л-П)/1-я незасчитанная - максимум (% кол-во)/; 0; -5
*** errors table ***
30                                  ;     0;     0;     0;     0;     0;     0
40                                  ;     0;     0;     0;     0;     0;     0
50                                  ;     0;     0;     0;     0;     0;     0
60                                  ;     0;     0;     0;     0;     0;     0
70                                  ;     0;     0;     0;     0;     0;     0
80                                  ;     0;     0;     0;     0;     0;     0
90                                  ;     2;     0;     2;     1;     1;     0
100                                 ;     2;     1;     1;     2;     1;     1
110                                 ;     1;     2;    -1;     2;     1;     1
120                                 ;     1;     1;     0;     0;     2;    -2
130                                 ;     7;     8;    -1;     7;     8;    -1
140                                 ;    15;    14;     1;    15;    14;     1
150                                 ;     9;    12;    -3;    10;    11;    -1
160                                 ;    22;    16;     6;    17;    21;    -4
120                                 ;     3;     2;     1;     2;     3;    -1
120                                 ;     5;     5;     0;     4;     6;    -2
120                                 ;     5;     5;     0;     6;     4;     2
120                                 ;     3;     0;     3;     1;     2;    -1
120                                 ;     4;     4;     0;     5;     3;     2
120                                 ;     4;     4;     0;     6;     2;     4
120                                 ;     4;     5;    -1;     5;     4;     1
120                                 ;     5;     3;     2;     6;     2;     4
30 - максимальная                   ;    59;    54;     5;    54;    59;    -5
первая незасчитанная - 160          ;    53;    50;     3;    49;    54;    -5
первая незасчитанная - максимальная ;    53;    50;     3;    49;    54;    -5
сумма повторений                    ;    33;    28;     5;    35;    26;     9
*** delays table ***
30                                  ; -0.10;  0.00;  0.00; -0.05;  0.00;  0.00
40                                  ; -0.08;  0.00;  0.00; -0.02;  0.00;  0.00
50                                  ; -0.03;  0.00;  0.00; -0.01;  0.00;  0.00
60                                  ; -0.05;  0.00;  0.00; -0.02;  0.00;  0.00
70                                  ; -0.04;  0.00;  0.00;  0.01;  0.00;  0.00
80                                  ; -0.06;  0.00;  0.00; -0.01;  0.00;  0.00
90                                  ;  0.03;  0.06;  0.00;  0.01;  0.10;  0.00
100                                 ; -0.03;  0.00; -0.02;  0.02;  0.00;  0.06
110                                 ;  0.01; -0.44;  0.40;  0.03; -0.04;  0.04
120                                 ; -0.00;  0.40;  0.36;  0.03;  0.12;  0.14
130                                 ;  0.03;  0.02; -0.11;  0.05; -0.01; -0.22
140                                 ;  0.03; -0.11; -0.08;  0.02;  0.02;  0.01
150                                 ; -0.03;  0.11; -0.00;  0.00;  0.04; -0.01
160                                 ; -0.04;  0.10; -0.02; -0.01;  0.00; -0.00
120                                 ; -0.02;  0.36; -0.34;  0.01;  0.12; -0.11
120                                 ;  0.03;  0.10;  0.10;  0.01;  0.02;  0.11
120                                 ;  0.00; -0.15; -0.16;  0.01;  0.01;  0.00
120                                 ; -0.02;  0.34;  0.00; -0.01;  0.10;  0.00
120                                 ; -0.00;  0.01;  0.08;  0.01;  0.00; -0.06
120                                 ; -0.05;  0.12;  0.00; -0.00; -0.06;  0.00
120                                 ;  0.04; -0.02;  0.05;  0.03; -0.08; -0.08
120                                 ; -0.04; -0.04;  0.17;  0.01; -0.18;  0.10
30 - максимальная                   ; -0.02;  0.01;  0.04;  0.00;  0.02;  0.00
первая незасчитанная - 160          ; -0.00;  0.03; -0.05;  0.02;  0.01; -0.06
первая незасчитанная - максимальная ; -0.00;  0.03; -0.05;  0.02;  0.01; -0.06
сумма повторений                    ; -0.01;  0.09; -0.01;  0.01; -0.01; -0.01